// Jest Snapshot v1, https://goo.gl/fbAQLP

exports[`AddMeasure should match the snapshot of AddMeasure component 1`] = `
Array [
  <div
    className="headline"
  >
    Add Measure
    <div
      className="bkbar"
    >
      <a
        href="/track"
        onClick={[Function]}
      >
        <svg
          aria-hidden={true}
          className="MuiSvgIcon-root"
          focusable="false"
          viewBox="0 0 24 24"
        >
          <path
            d="M17.51 3.87L15.73 2.1 5.84 12l9.9 9.9 1.77-1.77L9.38 12l8.13-8.13z"
          />
        </svg>
      </a>
    </div>
  </div>,
  <div
    className="add-measure"
  >
    <form
      onSubmit={[Function]}
    >
      <div
        className="react-select css-b62m3t-container"
        onKeyDown={[Function]}
      >
        <span
          className="css-1f43avz-a11yText-A11yText"
          id="react-select-2-live-region"
        />
        <span
          aria-atomic="false"
          aria-live="polite"
          aria-relevant="additions text"
          className="css-1f43avz-a11yText-A11yText"
        />
        <div
          className="react-select__control css-1s2u09g-control"
          onMouseDown={[Function]}
          onTouchEnd={[Function]}
        >
          <div
            className="react-select__value-container css-319lph-ValueContainer"
          >
            <div
              className="react-select__placeholder css-14el2xx-placeholder"
              id="react-select-2-placeholder"
            >
              <div
                className=""
              >
                Select your measurement item
              </div>
            </div>
            <div
              className="react-select__input-container css-6j8wv5-Input"
              data-value=""
            >
              <input
                aria-autocomplete="list"
                aria-controls="react-select-2-listbox"
                aria-describedby="react-select-2-placeholder"
                aria-expanded={false}
                aria-haspopup={true}
                aria-owns="react-select-2-listbox"
                autoCapitalize="none"
                autoComplete="off"
                autoCorrect="off"
                className="react-select__input"
                disabled={false}
                id="react-select-2-input"
                onBlur={[Function]}
                onChange={[Function]}
                onFocus={[Function]}
                role="combobox"
                spellCheck="false"
                style={
                  Object {
                    "background": 0,
                    "border": 0,
                    "color": "inherit",
                    "font": "inherit",
                    "gridArea": "1 / 2",
                    "label": "input",
                    "margin": 0,
                    "minWidth": "2px",
                    "opacity": 1,
                    "outline": 0,
                    "padding": 0,
                    "width": "100%",
                  }
                }
                tabIndex={0}
                type="text"
                value=""
              />
            </div>
          </div>
          <div
            className="react-select__indicators css-1hb7zxy-IndicatorsContainer"
          >
            <span
              className="react-select__indicator-separator css-1okebmr-indicatorSeparator"
            />
            <div
              aria-hidden="true"
              className="react-select__indicator react-select__dropdown-indicator css-tlfecz-indicatorContainer"
              onMouseDown={[Function]}
              onTouchEnd={[Function]}
            >
              <svg
                aria-hidden="true"
                className="css-tj5bde-Svg"
                focusable="false"
                height={20}
                viewBox="0 0 20 20"
                width={20}
              >
                <path
                  d="M4.516 7.548c0.436-0.446 1.043-0.481 1.576 0l3.908 3.747 3.908-3.747c0.533-0.481 1.141-0.446 1.574 0 0.436 0.445 0.408 1.197 0 1.615-0.406 0.418-4.695 4.502-4.695 4.502-0.217 0.223-0.502 0.335-0.787 0.335s-0.57-0.112-0.789-0.335c0 0-4.287-4.084-4.695-4.502s-0.436-1.17 0-1.615z"
                />
              </svg>
            </div>
          </div>
        </div>
      </div>
      <input
        onChange={[Function]}
        placeholder="Data in cm"
        required={true}
        step="0.01"
        type="number"
        value=""
      />
      <button
        type="submit"
      >
        Submit
      </button>
    </form>
  </div>,
]
`;
