// Jest Snapshot v1, https://goo.gl/fbAQLP

exports[`Progress should match the snapshot of Progress component 1`] = `
Array [
  <div
    className="headline"
  >
    Progress Report
    <div
      className="bkbar"
    >
      <a
        href="/add"
        onClick={[Function]}
      >
        <svg
          aria-hidden={true}
          className="MuiSvgIcon-root"
          focusable="false"
          viewBox="0 0 24 24"
        >
          <path
            d="M17.51 3.87L15.73 2.1 5.84 12l9.9 9.9 1.77-1.77L9.38 12l8.13-8.13z"
          />
        </svg>
      </a>
    </div>
  </div>,
  <div
    className="progress-stats"
  >
    <div>
      <div
        className="MuiBox-root MuiBox-root-1"
      >
        <div
          aria-valuenow={100}
          className="MuiCircularProgress-root MuiCircularProgress-colorSecondary MuiCircularProgress-determinate"
          role="progressbar"
          style={
            Object {
              "height": 80,
              "transform": "rotate(-90deg)",
              "width": 80,
            }
          }
        >
          <svg
            className="MuiCircularProgress-svg"
            viewBox="22 22 44 44"
          >
            <circle
              className="MuiCircularProgress-circle MuiCircularProgress-circleDeterminate"
              cx={44}
              cy={44}
              fill="none"
              r={18.5}
              strokeWidth={7}
              style={
                Object {
                  "strokeDasharray": "116.239",
                  "strokeDashoffset": "0.000px",
                }
              }
            />
          </svg>
        </div>
        <div
          className="MuiBox-root MuiBox-root-2"
        >
          <div
            className="MuiTypography-root MuiTypography-caption MuiTypography-colorTextSecondary"
          >
            5100%
          </div>
        </div>
      </div>
    </div>
  </div>,
  <div
    className="progress-items"
  />,
]
`;
