// Jest Snapshot v1, https://goo.gl/fbAQLP

exports[`Track should match the snapshot of Track component 1`] = `
<div>
  <div
    className="headline"
  >
    Measure Tracked
    <div
      className="bkbar"
    >
      <a
        href="/add"
        onClick={[Function]}
      >
        <svg
          aria-hidden={true}
          className="MuiSvgIcon-root"
          focusable="false"
          viewBox="0 0 24 24"
        >
          <path
            d="M17.51 3.87L15.73 2.1 5.84 12l9.9 9.9 1.77-1.77L9.38 12l8.13-8.13z"
          />
        </svg>
      </a>
    </div>
  </div>
  <div
    className="track"
  >
    <div
      className="profile-top"
    >
      <h2>
        Hi Â 
        <span
          className="profile-cap"
        >
           
        </span>
      </h2>
    </div>
    <button
      className="logout-button"
      onClick={[Function]}
      type="button"
    >
      <img
        alt="logout"
        className="logoutBtn__color"
        src="logout.png"
      />
    </button>
    <div
      className="not-found"
    >
      No data found. Please Add Measure first
    </div>
  </div>
</div>
`;
